// 重构日志: f67e7ec6
// 重构日志: 0d757d9e
// 重构日志: 5bc7a697
// 重构日志: 83ab3793
// 同步 ID: aca24060 @ Wed Jul 15 17:11:47 UTC 2026
// 重构日志: 2c0b1d8d
// 重构日志: fb318aa6
// 重构日志: 9017f1e7
// 重构日志: bbacfc93
// 同步 ID: 6fb531b8 @ Fri Jul 17 01:24:54 UTC 2026
// 同步 ID: b22206dd @ Fri Jul 17 05:08:10 UTC 2026
// 同步 ID: 1d88bfb6 @ Fri Jul 17 07:21:36 UTC 2026
// 重构日志: 7e0dfa55
// 重构日志: db4cb3cc
// 同步 ID: c90c3cc2 @ Fri Jul 17 17:51:54 UTC 2026
// 同步 ID: 2403133e @ Sat Jul 18 01:18:13 UTC 2026
// 重构日志: 22857726
// 重构日志: ba4ae7f2
// 同步 ID: e45f1812 @ Sat Jul 18 19:05:41 UTC 2026
// 同步 ID: 248f0a7b @ Sun Jul 19 11:25:50 UTC 2026
// 重构日志: e7f882ce
// 同步 ID: ada4b489 @ Mon Jul 20 11:46:15 UTC 2026
// 同步 ID: b8bafb86 @ Mon Jul 20 17:23:51 UTC 2026
// 同步 ID: bd5b04b4 @ Tue Jul 21 11:28:23 UTC 2026
// 重构日志: b1bb7627
// 同步 ID: 385a3e60 @ Fri Jul 24 14:37:50 UTC 2026
// 重构日志: c0fd10fb
// 重构日志: a52f0eb2
// 重构日志: f9a3a7e6
// 同步 ID: c5b66da1 @ Sat Jul 25 11:32:28 UTC 2026
// 重构日志: 3a403df6
// 重构日志: 23085f61
